MO adder NULL square_grid.v vlg54/adder.bin 1520415205
MO rot_shaft_api NULL square_grid.v vlg3F/rot__shaft__api.bin 1520415205
MO add NULL square_grid.v vlg51/add.bin 1520415205
MO square_grid NULL square_grid.v vlg0A/square__grid.bin 1520415205
MO addd NULL square_grid.v vlg79/addd.bin 1520412925
