#-----------------------------------------------------------
# PlanAhead v14.7 (64-bit)
# Build 321239 by xbuild on Fri Sep 27 19:24:36 MDT 2013
# Start of session at: Wed Feb 14 15:37:24 2018
# Process ID: 4017
# Log file: /users/btech/rajkush/Desktop/CS220Labs/LAB3_2/rled/planAhead_run_1/planAhead.log
# Journal file: /users/btech/rajkush/Desktop/CS220Labs/LAB3_2/rled/planAhead_run_1/planAhead.jou
#-----------------------------------------------------------
start_gui
source /users/btech/rajkush/Desktop/CS220Labs/LAB3_2/rled/pa.fromHdl.tcl
update_compile_order -fileset sim_1
startgroup
set_property package_pin C9 [get_ports clk]
endgroup
set_property iostandard LVCMOS33 [get_ports [list clk]]
set_property iostandard LVTTL [get_ports [list l0]]
set_property iostandard LVTTL [get_ports [list l1]]
set_property iostandard LVTTL [get_ports [list l2]]
set_property iostandard LVTTL [get_ports [list l3]]
set_property iostandard LVTTL [get_ports [list l4]]
set_property iostandard LVTTL [get_ports [list l5]]
set_property iostandard LVTTL [get_ports [list l6]]
set_property iostandard LVTTL [get_ports [list l7]]
set_property package_pin "" [get_ports [list  l1]]
startgroup
set_property package_pin F12 [get_ports l0]
endgroup
startgroup
set_property package_pin E12 [get_ports l1]
endgroup
startgroup
set_property package_pin E11 [get_ports l2]
endgroup
startgroup
set_property package_pin F11 [get_ports l4]
endgroup
startgroup
set_property package_pin C11 [get_ports l4]
endgroup
startgroup
set_property package_pin F11 [get_ports l3]
endgroup
startgroup
set_property package_pin D11 [get_ports l5]
endgroup
startgroup
set_property package_pin E9 [get_ports l6]
endgroup
startgroup
set_property package_pin F9 [get_ports l7]
endgroup
set_property drive 8 [get_ports [list l0]]
set_property drive 8 [get_ports [list l1]]
set_property drive 8 [get_ports [list l2]]
set_property drive 8 [get_ports [list l3]]
set_property drive 8 [get_ports [list l4]]
set_property drive 8 [get_ports [list l5]]
set_property drive 8 [get_ports [list l6]]
set_property drive 8 [get_ports [list l7]]
save_constraints
