MO detector NULL Seven_bit_adder_subtractor.v vlg02/detector.bin 1520690032
MO Seven_bit_adder_subtractor NULL Seven_bit_adder_subtractor.v vlg62/_seven__bit__adder__subtractor.bin 1520690032
MO seven NULL Seven_bit_adder_subtractor.v vlg01/seven.bin 1520690032
MO full_adder NULL Seven_bit_adder_subtractor.v vlg5A/full__adder.bin 1520690032
